// Jest Snapshot v1, https://goo.gl/fbAQLP

exports[`expect to render CardList Component 1`] = `
<div>
  <card
    email="davidSalk@gmail.com"
    id={1}
    key="0"
    name="David Salk"
  />
</div>
`;
