// Jest Snapshot v1, https://goo.gl/fbAQLP

exports[`expect to render ErrorBoundary Component 1`] = `""`;
