// Jest Snapshot v1, https://goo.gl/fbAQLP

exports[`expect to render SearchBox Component 1`] = `
<div
  style={
    Object {
      "paddingBottom": "15px",
    }
  }
>
  <input
    className="pa2 ba b--black bg-white br3 tc bw0.8"
    placeholder="Search Robot"
    type="search"
  />
</div>
`;
